fagsakId
søknadId
hendelseType
Fødselsdato
Søknadsdato
Ønsker dagpenger fra dato
Har rett til ordinære dagpenger gjennom arbeidsforhold
Bruker er permittert
Forskutterte lønnsgarantimidler i form av dagpenger
Permittert fra fiskeindustrien
Har rett til ordinære dagpenger uten arbeidsforhold
Søknadstidspunkt
Ordinære dagpenger
Prøvingsdato
Rettighetstype
Kravet til reell arbeidssøker er ikke relevant
Aldersgrense
Dato søker når maks alder
Siste mulige dag bruker kan oppfylle alderskrav
Oppfyller kravet til alder
Registrert som arbeidssøker
Registrert som arbeidssøker på søknadstidspunktet