fagsakId
søknadId
Fødselsdato
Søknadsdato
Ønsker dagpenger fra dato
Har rett til ordinære dagpenger gjennom arbeidsforhold
Bruker er permittert
Har rett til dagpenger etter konkurs
Har rett til dagpenger under permittering i fiskeforedlingsindustri
Søknadstidspunkt
Har rett til ordinære dagpenger uten arbeidsforhold
Har rett til ordinære dagpenger
Rettighetstype
Avtjent verneplikt
Oppfyller kravet til verneplikt
Ønsket arbeidstid
Kan jobbe heltid og deltid
Kan jobbe i hele Norge
Kan ta alle typer arbeid
Villig til å bytte yrke
Oppfyller kravet til å ta ethvert arbeid
Prøvingsdato
Aldersgrense
Lovpålagt rapporteringsfrist for A-ordningen
Maks lengde på opptjeningsperiode
Grunnbeløp
Antall G for krav til 12 mnd arbeidsinntekt
Antall G for krav til 36 mnd arbeidsinntekt
Det er godkjent at bruker kun søker deltidsarbeid
Det er godkjent at bruker kun søk arbeid lokalt
Har helsemessige begrensninger og kan ikke ta alle typer arbeid
Minimum vanlig arbeidstid
Kan kravet til reell arbeidssøker vurderes
Årsaken til permitteringen er godkjent
Permitteringen er midlertidig driftsinnskrenkning eller driftsstans
Dato søker når maks alder
Arbeidsgivers rapporteringsfrist
Inntektskrav for siste 12 mnd
Inntektskrav for siste 36 mnd
Oppfyller kravet til heltid- og deltidsarbeid
Oppfyller kravet til mobilitet
Oppfyller kravet til å være arbeidsfør
Villig til å jobbe minimum arbeidstid
Oppfyller kravet til permittering
Siste mulige dag bruker kan oppfylle alderskrav
Siste avsluttende kalendermåned
Oppfyller kravet til alder
Første måned av opptjeningsperiode
Inntektsopplysninger
Registrert som arbeidssøker
Brutto arbeidsinntekt
Registrert som arbeidssøker på søknadstidspunktet
Arbeidsinntekt siste 12 mnd
Arbeidsinntekt siste 36 mnd
Krav til arbeidssøker
Arbeidsinntekt er over kravet for siste 12 mnd
Arbeidsinntekt er over kravet for siste 36 mnd
Oppfyller kravet til minsteinntekt