fagsakId
søknadId
Fødselsdato
Søknadsdato
Ønsker dagpenger fra dato
Har rett til ordinære dagpenger gjennom arbeidsforhold
Har rett til dagpenger under permittering
Har rett til dagpenger etter konkurs
Har rett til dagpenger under permittering i fiskeforedlingsindustri
Har rett til ordinære dagpenger uten arbeidsforhold
Søknadstidspunkt
Har rett til ordinære dagpenger
Prøvingsdato
Rettighetstype
Aldersgrense
Dato søker når maks alder
Siste mulige dag bruker kan oppfylle alderskrav
Oppfyller kravet til alder
Lovpålagt rapporteringsfrist for A-ordningen
Maks lengde på opptjeningsperiode
Grunnbeløp
Antall G for krav til 12 mnd arbeidsinntekt
Antall G for krav til 36 mnd arbeidsinntekt
Arbeidsgivers rapporteringsfrist
Inntektskrav for siste 12 mnd
Inntektskrav for siste 36 mnd
Siste avsluttende kalendermåned
Første måned av opptjeningsperiode
Registrert som arbeidssøker
Registrert som arbeidssøker på søknadstidspunktet
Inntektsopplysninger
Brutto arbeidsinntekt
Arbeidsinntekt siste 12 mnd
Arbeidsinntekt siste 36 mnd
Arbeidsinntekt er over kravet for siste 12 mnd
Arbeidsinntekt er over kravet for siste 36 mnd
Krav til minsteinntekt
Avtjent verneplikt
Har utført minst tre måneders militærtjeneste eller obligatorisk sivilforsvarstjeneste
Oppfyller kravet til minsteinntekt eller verneplikt
Mottar ikke andre fulle ytelser
Er personen medlem av folketrygden
Opphold i Norge
Oppfyller unntak for opphold i Norge
Det er godkjent at bruker kun søker deltidsarbeid
Det er godkjent at bruker kun søk arbeid lokalt
Deltar medlemmet i streik eller er omfattet av lock-out?
Ledig ved samme bedrift eller arbeidsplass, og blir påvirket av utfallet?
Har tapt arbeid
Krav på lønn fra tidligere arbeidsgiver
Ny arbeidstid per uke
Maksimal vanlig arbeidstid
Grunnbeløp for grunnlag
Antall G som gis som grunnlag ved verneplikt
Grunnlag for verneplikt hvis kravet ikke er oppfylt
Tellende inntekt
Faktor for maksimalt mulig grunnlag
Antall år i 36 måneder
Fastsatt vanlig arbeidstid for verneplikt
Beregnet vanlig arbeidstid per uke før tap
Antall timer arbeidstiden skal samordnes mot
Krav til prosentvis tap av arbeidstid
Beregningsregel: Arbeidstid siste 6 måneder
Beregningsregel: Arbeidstid siste 12 måneder
Beregeningsregel: Arbeidstid siste 36 måneder
Minimum vanlig arbeidstid
Deltar i arbeidsmarkedstiltak
Deltar i opplæring for innvandrere
Deltar i grunnskoleopplæring, videregående opplæring og opplæring i grunnleggende ferdigheter
Deltar i høyere yrkesfaglig utdanning
Deltar i høyere utdanning
Deltar på kurs mv
Bruker er utestengt fra dagpenger
Faktor for utregning av dagsats etter dagpengegrunnlaget
Barnetilleggets størrelse i kroner per dag for hvert barn
90% av grunnlag for dagpenger
Antall arbeidsdager per år
Sykepenger dagsats
Pleiepenger dagsats
Omsorgspenger dagsats
Opplæringspenger dagsats
Uføre dagsats
Foreldrepenger dagsats
Svangerskapspenger dagsats
Oppfyller kravet til medlemskap
Oppfyller kravet til opphold i Norge
Er medlemmet ikke påvirket av streik eller lock-out?
Ikke krav på lønn fra tidligere arbeidsgiver
Grunnlag for gis ved verneplikt
Oppjustert inntekt
6 ganger grunnbeløp
Samordnet fastsatt arbeidstid
Beregningsregel: Tapt arbeidstid
Godkjent unntak for utdanning eller opplæring?
Oppfyller krav til ikke utestengt
Sum andre ytelser
Krav til tap av arbeidsinntekt
Grunnlag for verneplikt hvis kravet er oppfylt
Inntektperiode 1
Inntektperiode 2
Inntektperiode 3
Grunnlag siste 12 mnd.
Avkortet inntektperiode 1
Avkortet inntektperiode 2
Avkortet inntektperiode 3
Inntekt siste 36 måneder
Gjennomsnittlig arbeidsinntekt siste 36 måneder
Uavrundet grunnlag
Grunnlag ved ordinære dagpenger
Grunnlaget for verneplikt er høyere enn dagpengegrunnlaget
Grunnlag
Fastsatt vanlig arbeidstid etter ordinær eller verneplikt
Dagsats uten barnetillegg før samordning
Maksimalt mulig grunnlag avgrenset til 90% av dagpengegrunnlaget
Avrundet dagsats uten barnetillegg før samordning
Maksimal mulig dagsats avgrenset til 90% av dagpengegrunnlaget
Avrundet maksimal mulig dagsats avgrenset til 90% av dagpengegrunnlaget