fagsakId
søknadId
hendelseType
Aldersgrense
Kravet til reell arbeidssøker er vurdert
Fødselsdato
Søknadsdato
Ønsker dagpenger fra dato
Har rett til ordinære dagpenger gjennom arbeidsforhold
Bruker er permittert
Forskutterte lønnsgarantimidler i form av dagpenger
Permittert fra fiskeindustrien
Søknadstidspunkt
Dato søker når maks alder
Har rett til ordinære dagpenger uten arbeidsforhold
Prøvingsdato
Siste mulige dag bruker kan oppfylle alderskrav
Ordinære dagpenger
Oppfyller kravet til alder
Rettighetstype
Lovpålagt rapporteringsfrist for A-ordningen
Maks lengde på opptjeningsperiode
Grunnbeløp
Antall G for krav til 12 mnd arbeidsinntekt
Antall G for krav til 36 mnd arbeidsinntekt
Årsaken til permitteringen er godkjent
Permitteringen er midlertidig driftsinnskrenkning eller driftsstans
Årsaken til permitteringen fra fiskeindustrien er godkjent
Permitteringen fra fiskeindustrien er midlertidig driftsinnskrenkning eller driftsstans
Det er godkjent at bruker kun søker deltidsarbeid
Det er godkjent at bruker kun søker arbeid lokalt
Har helsemessige begrensninger og kan ikke ta alle typer arbeid
Minimum vanlig arbeidstid
Arbeidsgivers rapporteringsfrist
Inntektskrav for siste 12 måneder
Inntektskrav for siste 36 måneder
Oppfyller kravet til permittering
Oppfyller kravet til permittering i fiskeindustrien
Siste avsluttende kalendermåned
Første måned av opptjeningsperiode
Registrert som arbeidssøker
Registrert som arbeidssøker på søknadstidspunktet
Inntektsopplysninger
Brutto arbeidsinntekt
Arbeidsinntekt siste 12 måneder
Arbeidsinntekt siste 36 måneder
Arbeidsinntekt er over kravet for siste 12 måneder
Arbeidsinntekt er over kravet for siste 36 måneder
Oppfyller kravet til minsteinntekt
Avtjent verneplikt
Oppfyller kravet til verneplikt
Ønsket arbeidstid
Kan jobbe heltid og deltid
Kan jobbe i hele Norge
Kan ta alle typer arbeid
Villig til å bytte yrke
Oppfyller kravet til heltid- og deltidsarbeid
Oppfyller kravet til mobilitet
Oppfyller kravet til å være arbeidsfør
Oppfyller kravet til å ta ethvert arbeid
Villig til å jobbe minimum arbeidstid
Reell arbeidssøker