Laget avklaring om HarTilleggsopplysninger
Opprettet ny behandling
Behandling endret tilstand til: UnderBehandling
Behov:
- Fødselsdato
- Søknadsdato
- ØnskerDagpengerFraDato
Behov:
- RegistrertSomArbeidssøker
Behandling endret tilstand til: ForslagTilVedtak
Forslag til vedtak med utfall=false
Behandling endret tilstand til: TilGodkjenning
Forslag til vedtak med utfall=false
Behandling endret tilstand til: Ferdig
Har fattet vedtak med utfall=false