Laget avklaring om HarTilleggsopplysninger
Opprettet ny behandling
Behandling endret tilstand til: UnderBehandling
Behov:
- Søknadsdato
- ØnskerDagpengerFraDato
- Fødselsdato
Laget avklaring om HattLukkedeSakerSiste8Uker
Laget avklaring om MuligGjenopptak
Behov:
- KanJobbeDeltid
- KanJobbeHvorSomHelst
- HelseTilAlleTyperJobb
- VilligTilÅBytteYrke
- RegistrertSomArbeidssøker
- Permittert
- Lønnsgaranti
- PermittertFiskeforedling
- Verneplikt
- ØnsketArbeidstid
- Ordinær
- Inntekt
Laget avklaring om EØSArbeid
Laget avklaring om InntektNesteKalendermåned
Laget avklaring om JobbetUtenforNorge
Behandling endret tilstand til: ForslagTilVedtak
Forslag til vedtak med utfall=false
Behandling endret tilstand til: TilGodkjenning
Forslag til vedtak med utfall=false
Behandling endret tilstand til: Ferdig
Har fattet vedtak med utfall=false
Laget avklaring om HarTilleggsopplysninger
Opprettet ny behandling
Behandling endret tilstand til: UnderBehandling
Behov:
- Søknadsdato
- ØnskerDagpengerFraDato
- Fødselsdato
Laget avklaring om HattLukkedeSakerSiste8Uker
Laget avklaring om MuligGjenopptak
Behov:
- KanJobbeDeltid
- KanJobbeHvorSomHelst
- HelseTilAlleTyperJobb
- VilligTilÅBytteYrke
- RegistrertSomArbeidssøker
- Permittert
- Lønnsgaranti
- PermittertFiskeforedling
- Verneplikt
- ØnsketArbeidstid
- Ordinær
- Inntekt
Laget avklaring om EØSArbeid
Laget avklaring om InntektNesteKalendermåned
Laget avklaring om JobbetUtenforNorge
Behandling endret tilstand til: ForslagTilVedtak
Forslag til vedtak med utfall=false
Laget avklaring om HarTilleggsopplysninger
Opprettet ny behandling
Behandling endret tilstand til: UnderBehandling
Behov:
- Søknadsdato
- ØnskerDagpengerFraDato
- Fødselsdato
Laget avklaring om HattLukkedeSakerSiste8Uker
Laget avklaring om MuligGjenopptak
Behov:
- KanJobbeDeltid
- KanJobbeHvorSomHelst
- HelseTilAlleTyperJobb
- VilligTilÅBytteYrke
- RegistrertSomArbeidssøker
- Permittert
- Lønnsgaranti
- PermittertFiskeforedling
- Verneplikt
- ØnsketArbeidstid
- Ordinær
- Inntekt
Laget avklaring om EØSArbeid
Laget avklaring om InntektNesteKalendermåned
Laget avklaring om JobbetUtenforNorge
Behandling endret tilstand til: ForslagTilVedtak
Forslag til vedtak med utfall=false
Laget avklaring om HarTilleggsopplysninger
Opprettet ny behandling
Behandling endret tilstand til: UnderBehandling
Behov:
- Søknadsdato
- ØnskerDagpengerFraDato
- Fødselsdato
Laget avklaring om HattLukkedeSakerSiste8Uker
Laget avklaring om MuligGjenopptak
Behov:
- KanJobbeDeltid
- KanJobbeHvorSomHelst
- HelseTilAlleTyperJobb
- VilligTilÅBytteYrke
- RegistrertSomArbeidssøker
- Permittert
- Lønnsgaranti
- PermittertFiskeforedling
- Verneplikt
- ØnsketArbeidstid
- Ordinær
- Inntekt
Laget avklaring om EØSArbeid
Laget avklaring om InntektNesteKalendermåned
Laget avklaring om JobbetUtenforNorge
Behandling endret tilstand til: ForslagTilVedtak
Forslag til vedtak med utfall=false