Laget avklaring om HarTilleggsopplysninger
Opprettet ny behandling
Behandling endret tilstand til: UnderBehandling
Behov:
- Søknadsdato
- ØnskerDagpengerFraDato
- Fødselsdato
Laget avklaring om HattLukkedeSakerSiste8Uker
Laget avklaring om MuligGjenopptak
Behov:
- KanJobbeDeltid
- KanJobbeHvorSomHelst
- HelseTilAlleTyperJobb
- VilligTilÅBytteYrke
- RegistrertSomArbeidssøker
- Permittert
- Lønnsgaranti
- PermittertFiskeforedling
- Verneplikt
- ØnsketArbeidstid
- Ordinær
- Inntekt
Laget avklaring om EØSArbeid
Laget avklaring om InntektNesteKalendermåned
Laget avklaring om JobbetUtenforNorge
Laget avklaring om BeregnetArbeidstid
Behov:
- Sykepenger
- Pleiepenger
- Omsorgspenger
- Opplæringspenger
- Foreldrepenger
- Svangerskapspenger
- AndreØkonomiskeYtelser
- BostedslandErNorge
- TarUtdanningEllerOpplæring
- Barnetillegg
Laget avklaring om BarnMåGodkjennes
Laget avklaring om SjekkPrøvingsdato
Behov:
- OppgittAndreYtelserUtenforNav
Behandling endret tilstand til: ForslagTilVedtak
Forslag til vedtak med utfall=true
Behandling endret tilstand til: Redigert
Behandling endret tilstand til: ForslagTilVedtak
Forslag til vedtak med utfall=true
Behandling endret tilstand til: Redigert
Behandling endret tilstand til: ForslagTilVedtak
Forslag til vedtak med utfall=true
Behandling endret tilstand til: Redigert
Behandling endret tilstand til: ForslagTilVedtak
Forslag til vedtak med utfall=true