{
  "behandlingId" : "00000000-0000-0000-0000-000000000000",
  "behandletHendelse" : {
    "datatype" : "UUID",
    "id" : "00000000-0000-0000-0000-000000000000",
    "type" : "Søknad"
  },
  "automatisk" : false,
  "ident" : "123123123",
  "vilkår" : [ {
    "navn" : "Alder",
    "hjemmel" : {
      "kilde" : {
        "navn" : "Folketrygdloven",
        "kortnavn" : "ftrl"
      },
      "kapittel" : "4",
      "paragraf" : "23",
      "tittel" : "§ 4-23. Bortfall på grunn av alder",
      "url" : "https://lovdata.no/nav/lov/1997-02-28-19/§4-23"
    },
    "perioder" : [ {
      "fraOgMed" : "2025-05-01",
      "tilOgMed" : "2025-05-10",
      "harRett" : true
    }, {
      "fraOgMed" : "2025-05-11",
      "tilOgMed" : "2025-05-20",
      "harRett" : false
    }, {
      "fraOgMed" : "2025-05-21",
      "tilOgMed" : "2025-05-30",
      "harRett" : true
    }, {
      "fraOgMed" : "2025-05-31",
      "tilOgMed" : "2025-06-04",
      "harRett" : false
    }, {
      "fraOgMed" : "2025-06-05",
      "tilOgMed" : "2028-06-05",
      "harRett" : true
    } ],
    "utfall" : [ "00000000-0000-0000-0000-000000000000" ],
    "ønsketResultat" : [ "00000000-0000-0000-0000-000000000000" ],
    "opplysninger" : [ "00000000-0000-0000-0000-000000000000" ]
  } ],
  "fastsettelser" : [ ],
  "opplysninger" : [ {
    "opplysningTypeId" : "00000000-0000-0000-0000-000000000000",
    "navn" : "Oppfyller kravet til alder",
    "perioder" : [ {
      "id" : "00000000-0000-0000-0000-000000000000",
      "opprettet" : "2025-08-20T14:24:44.325688",
      "status" : "Ny",
      "gyldigFraOgMed" : "2025-05-01",
      "gyldigTilOgMed" : "2025-05-10",
      "verdi" : {
        "verdi" : true,
        "datatype" : "boolsk"
      }
    }, {
      "id" : "00000000-0000-0000-0000-000000000000",
      "opprettet" : "2025-08-20T14:24:44.325688",
      "status" : "Ny",
      "gyldigFraOgMed" : "2025-05-11",
      "gyldigTilOgMed" : "2025-05-20",
      "verdi" : {
        "verdi" : false,
        "datatype" : "boolsk"
      }
    }, {
      "id" : "00000000-0000-0000-0000-000000000000",
      "opprettet" : "2025-08-20T14:24:44.325688",
      "status" : "Ny",
      "gyldigFraOgMed" : "2025-05-21",
      "gyldigTilOgMed" : "2025-05-30",
      "verdi" : {
        "verdi" : true,
        "datatype" : "boolsk"
      }
    }, {
      "id" : "00000000-0000-0000-0000-000000000000",
      "opprettet" : "2025-08-20T14:24:44.325688",
      "status" : "Ny",
      "gyldigFraOgMed" : "2025-05-31",
      "gyldigTilOgMed" : "2025-06-04",
      "verdi" : {
        "verdi" : false,
        "datatype" : "boolsk"
      }
    }, {
      "id" : "00000000-0000-0000-0000-000000000000",
      "opprettet" : "2025-08-20T14:24:44.325688",
      "status" : "Ny",
      "gyldigFraOgMed" : "2025-06-05",
      "gyldigTilOgMed" : "2028-06-05",
      "verdi" : {
        "verdi" : true,
        "datatype" : "boolsk"
      }
    } ]
  } ],
  "rettighetsperioder" : [ {
    "fraOgMed" : "2025-05-01",
    "tilOgMed" : "2025-05-10",
    "harRett" : true
  }, {
    "fraOgMed" : "2025-05-11",
    "tilOgMed" : "2025-05-20",
    "harRett" : false
  }, {
    "fraOgMed" : "2025-05-21",
    "tilOgMed" : "2025-05-30",
    "harRett" : true
  }, {
    "fraOgMed" : "2025-05-31",
    "tilOgMed" : "2025-06-04",
    "harRett" : false
  }, {
    "fraOgMed" : "2025-06-05",
    "tilOgMed" : "2028-06-05",
    "harRett" : true
  } ]
}