Laget avklaring om ManuellBehandling
Opprettet ny behandling
Behandling endret tilstand til: UnderBehandling
Behov:
- FÃ¸dselsdato
- sÃ¸knadId