{
  "behandlingId" : "00000000-0000-0000-0000-000000000000",
  "behandletHendelse" : {
    "datatype" : "UUID",
    "id" : "00000000-0000-0000-0000-000000000000",
    "type" : "Søknad"
  },
  "ident" : "123123123",
  "vilkår" : [ {
    "navn" : "Minsteinntekt",
    "hjemmel" : {
      "kilde" : {
        "navn" : "Folketrygdloven",
        "kortnavn" : "ftrl"
      },
      "kapittel" : "4",
      "paragraf" : "4",
      "tittel" : "§ 4-4. Krav til minsteinntekt",
      "url" : "https://lovdata.no/nav/lov/1997-02-28-19/§4-4"
    },
    "utfall" : [ "00000000-0000-0000-0000-000000000000" ],
    "ønsketResultat" : [ "00000000-0000-0000-0000-000000000000" ],
    "opplysningTypeIder" : [ "00000000-0000-0000-0000-000000000000" ]
  }, {
    "navn" : "Alder",
    "hjemmel" : {
      "kilde" : {
        "navn" : "Folketrygdloven",
        "kortnavn" : "ftrl"
      },
      "kapittel" : "4",
      "paragraf" : "23",
      "tittel" : "§ 4-23. Bortfall på grunn av alder",
      "url" : "https://lovdata.no/nav/lov/1997-02-28-19/§4-23"
    },
    "utfall" : [ "00000000-0000-0000-0000-000000000000" ],
    "ønsketResultat" : [ "00000000-0000-0000-0000-000000000000" ],
    "opplysningTypeIder" : [ "00000000-0000-0000-0000-000000000000" ]
  } ],
  "fastsettelser" : [ ],
  "opplysninger" : [ {
    "opplysningTypeId" : "00000000-0000-0000-0000-000000000000",
    "navn" : "Oppfyller kravet til alder",
    "datatype" : "boolsk",
    "opplysninger" : [ {
      "id" : "00000000-0000-0000-0000-000000000000",
      "opplysningTypeId" : "00000000-0000-0000-0000-000000000000",
      "navn" : "Oppfyller kravet til alder",
      "verdien" : {
        "verdi" : true,
        "datatype" : "boolsk"
      },
      "verdi" : "true",
      "gyldigFraOgMed" : "2025-05-01",
      "gyldigTilOgMed" : "2025-05-10",
      "datatype" : "boolsk",
      "kilde" : null,
      "utledetAv" : null
    }, {
      "id" : "00000000-0000-0000-0000-000000000000",
      "opplysningTypeId" : "00000000-0000-0000-0000-000000000000",
      "navn" : "Oppfyller kravet til alder",
      "verdien" : {
        "verdi" : true,
        "datatype" : "boolsk"
      },
      "verdi" : "true",
      "gyldigFraOgMed" : "2025-05-21",
      "gyldigTilOgMed" : "2025-05-30",
      "datatype" : "boolsk",
      "kilde" : null,
      "utledetAv" : null
    }, {
      "id" : "00000000-0000-0000-0000-000000000000",
      "opplysningTypeId" : "00000000-0000-0000-0000-000000000000",
      "navn" : "Oppfyller kravet til alder",
      "verdien" : {
        "verdi" : true,
        "datatype" : "boolsk"
      },
      "verdi" : "true",
      "gyldigFraOgMed" : "2025-06-05",
      "gyldigTilOgMed" : "2028-06-05",
      "datatype" : "boolsk",
      "kilde" : null,
      "utledetAv" : null
    } ]
  }, {
    "opplysningTypeId" : "00000000-0000-0000-0000-000000000000",
    "navn" : "Oppfyller kravet til minsteinntekt",
    "datatype" : "boolsk",
    "opplysninger" : [ {
      "id" : "00000000-0000-0000-0000-000000000000",
      "opplysningTypeId" : "00000000-0000-0000-0000-000000000000",
      "navn" : "Oppfyller kravet til minsteinntekt",
      "verdien" : {
        "verdi" : true,
        "datatype" : "boolsk"
      },
      "verdi" : "true",
      "gyldigFraOgMed" : "2025-05-01",
      "gyldigTilOgMed" : "2025-06-05",
      "datatype" : "boolsk",
      "kilde" : null,
      "utledetAv" : null
    } ]
  } ],
  "rettighetsperioder" : [ {
    "fraOgMed" : "2025-05-01",
    "tilOgMed" : "2028-06-05"
  } ]
}